[0.562s] Invoking command in '/workspace/IRS_2026_group_5/pa_warehouse_status': PYTHONPATH=/workspace/IRS_2026_group_5/build/pa_warehouse_status/prefix_override:/usr/lib/python3/dist-packages/colcon_core/task/python/colcon_distutils_commands:/workspace/IRS_2026_group_5/install/pa_warehouse_status/lib/python3.12/site-packages:${PYTHONPATH} /usr/bin/python3 -W ignore:setup.py install is deprecated -W ignore:easy_install command is deprecated setup.py egg_info --egg-base ../build/pa_warehouse_status build --build-base /workspace/IRS_2026_group_5/build/pa_warehouse_status/build install --record /workspace/IRS_2026_group_5/build/pa_warehouse_status/install.log --install-scripts $base/lib/pa_warehouse_status --single-version-externally-managed install_data
[0.706s] running egg_info
[0.706s] creating ../build/pa_warehouse_status/pa_warehouse_status.egg-info
[0.715s] writing ../build/pa_warehouse_status/pa_warehouse_status.egg-info/PKG-INFO
[0.715s] writing dependency_links to ../build/pa_warehouse_status/pa_warehouse_status.egg-info/dependency_links.txt
[0.715s] writing entry points to ../build/pa_warehouse_status/pa_warehouse_status.egg-info/entry_points.txt
[0.715s] writing requirements to ../build/pa_warehouse_status/pa_warehouse_status.egg-info/requires.txt
[0.715s] writing top-level names to ../build/pa_warehouse_status/pa_warehouse_status.egg-info/top_level.txt
[0.715s] writing manifest file '../build/pa_warehouse_status/pa_warehouse_status.egg-info/SOURCES.txt'
[0.736s] reading manifest file '../build/pa_warehouse_status/pa_warehouse_status.egg-info/SOURCES.txt'
[0.736s] adding license file 'LICENSE'
[0.736s] writing manifest file '../build/pa_warehouse_status/pa_warehouse_status.egg-info/SOURCES.txt'
[0.736s] running build
[0.736s] running build_py
[0.737s] creating /workspace/IRS_2026_group_5/build/pa_warehouse_status/build
[0.737s] creating /workspace/IRS_2026_group_5/build/pa_warehouse_status/build/lib
[0.737s] creating /workspace/IRS_2026_group_5/build/pa_warehouse_status/build/lib/pa_warehouse_status
[0.737s] copying pa_warehouse_status/pinapple_gossip_bot.py -> /workspace/IRS_2026_group_5/build/pa_warehouse_status/build/lib/pa_warehouse_status
[0.737s] copying pa_warehouse_status/__init__.py -> /workspace/IRS_2026_group_5/build/pa_warehouse_status/build/lib/pa_warehouse_status
[0.737s] running install
[0.740s] running install_lib
[0.750s] creating /workspace/IRS_2026_group_5/install/pa_warehouse_status/lib/python3.12/site-packages/pa_warehouse_status
[0.750s] copying /workspace/IRS_2026_group_5/build/pa_warehouse_status/build/lib/pa_warehouse_status/pinapple_gossip_bot.py -> /workspace/IRS_2026_group_5/install/pa_warehouse_status/lib/python3.12/site-packages/pa_warehouse_status
[0.750s] copying /workspace/IRS_2026_group_5/build/pa_warehouse_status/build/lib/pa_warehouse_status/__init__.py -> /workspace/IRS_2026_group_5/install/pa_warehouse_status/lib/python3.12/site-packages/pa_warehouse_status
[0.750s] byte-compiling /workspace/IRS_2026_group_5/install/pa_warehouse_status/lib/python3.12/site-packages/pa_warehouse_status/pinapple_gossip_bot.py to pinapple_gossip_bot.cpython-312.pyc
[0.750s] byte-compiling /workspace/IRS_2026_group_5/install/pa_warehouse_status/lib/python3.12/site-packages/pa_warehouse_status/__init__.py to __init__.cpython-312.pyc
[0.750s] running install_data
[0.750s] creating /workspace/IRS_2026_group_5/install/pa_warehouse_status/share/ament_index
[0.750s] creating /workspace/IRS_2026_group_5/install/pa_warehouse_status/share/ament_index/resource_index
[0.750s] creating /workspace/IRS_2026_group_5/install/pa_warehouse_status/share/ament_index/resource_index/packages
[0.751s] copying resource/pa_warehouse_status -> /workspace/IRS_2026_group_5/install/pa_warehouse_status/share/ament_index/resource_index/packages
[0.751s] copying package.xml -> /workspace/IRS_2026_group_5/install/pa_warehouse_status/share/pa_warehouse_status
[0.751s] running install_egg_info
[0.761s] Copying ../build/pa_warehouse_status/pa_warehouse_status.egg-info to /workspace/IRS_2026_group_5/install/pa_warehouse_status/lib/python3.12/site-packages/pa_warehouse_status-0.0.0-py3.12.egg-info
[0.761s] running install_scripts
[0.869s] Installing pinapple_gossip_bot script to /workspace/IRS_2026_group_5/install/pa_warehouse_status/lib/pa_warehouse_status
[0.869s] writing list of installed files to '/workspace/IRS_2026_group_5/build/pa_warehouse_status/install.log'
[0.892s] Invoked command in '/workspace/IRS_2026_group_5/pa_warehouse_status' returned '0': PYTHONPATH=/workspace/IRS_2026_group_5/build/pa_warehouse_status/prefix_override:/usr/lib/python3/dist-packages/colcon_core/task/python/colcon_distutils_commands:/workspace/IRS_2026_group_5/install/pa_warehouse_status/lib/python3.12/site-packages:${PYTHONPATH} /usr/bin/python3 -W ignore:setup.py install is deprecated -W ignore:easy_install command is deprecated setup.py egg_info --egg-base ../build/pa_warehouse_status build --build-base /workspace/IRS_2026_group_5/build/pa_warehouse_status/build install --record /workspace/IRS_2026_group_5/build/pa_warehouse_status/install.log --install-scripts $base/lib/pa_warehouse_status --single-version-externally-managed install_data
